2025-11-15T03:34:13.0141335Z Current runner version: '2.329.0'
2025-11-15T03:34:13.0165415Z ##[group]Runner Image Provisioner
2025-11-15T03:34:13.0166591Z Hosted Compute Agent
2025-11-15T03:34:13.0167157Z Version: 20251016.436
2025-11-15T03:34:13.0167767Z Commit: 8ab8ac8bfd662a3739dab9fe09456aba92132568
2025-11-15T03:34:13.0168414Z Build Date: 2025-10-15T20:44:12Z
2025-11-15T03:34:13.0169078Z ##[endgroup]
2025-11-15T03:34:13.0169616Z ##[group]Operating System
2025-11-15T03:34:13.0170163Z Ubuntu
2025-11-15T03:34:13.0170670Z 24.04.3
2025-11-15T03:34:13.0171137Z LTS
2025-11-15T03:34:13.0171631Z ##[endgroup]
2025-11-15T03:34:13.0172152Z ##[group]Runner Image
2025-11-15T03:34:13.0172740Z Image: ubuntu-24.04
2025-11-15T03:34:13.0173210Z Version: 20251112.124.1
2025-11-15T03:34:13.0174288Z Included Software: https://github.com/actions/runner-images/blob/ubuntu24/20251112.124/images/ubuntu/Ubuntu2404-Readme.md
2025-11-15T03:34:13.0175981Z Image Release: https://github.com/actions/runner-images/releases/tag/ubuntu24%2F20251112.124
2025-11-15T03:34:13.0177086Z ##[endgroup]
2025-11-15T03:34:13.0178148Z ##[group]GITHUB_TOKEN Permissions
2025-11-15T03:34:13.0180510Z Contents: read
2025-11-15T03:34:13.0181144Z Metadata: read
2025-11-15T03:34:13.0181645Z Packages: read
2025-11-15T03:34:13.0182203Z ##[endgroup]
2025-11-15T03:34:13.0184191Z Secret source: Actions
2025-11-15T03:34:13.0185210Z Prepare workflow directory
2025-11-15T03:34:13.0502137Z Prepare all required actions
2025-11-15T03:34:13.0539916Z Getting action download info
2025-11-15T03:34:13.3888253Z Download action repository 'actions/checkout@v4' (SHA:08eba0b27e820071cde6df949e0beb9ba4906955)
2025-11-15T03:34:13.5015975Z Download action repository 'actions/setup-python@v5' (SHA:a26af69be951a213d495a4c3e4e4022e16d87065)
2025-11-15T03:34:13.6140148Z Download action repository 'actions/upload-artifact@v4' (SHA:ea165f8d65b6e75b540449e92b4886f43607fa02)
2025-11-15T03:34:13.7659346Z Download action repository 'codecov/codecov-action@v4' (SHA:b9fd7d16f6d7d1b5d2bec1a2887e65ceed900238)
2025-11-15T03:34:14.0832213Z Complete job name: test
2025-11-15T03:34:14.1542781Z ##[group]Run actions/checkout@v4
2025-11-15T03:34:14.1543675Z with:
2025-11-15T03:34:14.1544138Z   repository: justincranford/chucknorris
2025-11-15T03:34:14.1544882Z   token: ***
2025-11-15T03:34:14.1545306Z   ssh-strict: true
2025-11-15T03:34:14.1545730Z   ssh-user: git
2025-11-15T03:34:14.1546318Z   persist-credentials: true
2025-11-15T03:34:14.1546803Z   clean: true
2025-11-15T03:34:14.1547253Z   sparse-checkout-cone-mode: true
2025-11-15T03:34:14.1547774Z   fetch-depth: 1
2025-11-15T03:34:14.1548194Z   fetch-tags: false
2025-11-15T03:34:14.1548630Z   show-progress: true
2025-11-15T03:34:14.1549071Z   lfs: false
2025-11-15T03:34:14.1549473Z   submodules: false
2025-11-15T03:34:14.1549910Z   set-safe-directory: true
2025-11-15T03:34:14.1550629Z ##[endgroup]
2025-11-15T03:34:14.2600476Z Syncing repository: justincranford/chucknorris
2025-11-15T03:34:14.2602371Z ##[group]Getting Git version info
2025-11-15T03:34:14.2603248Z Working directory is '/home/runner/work/chucknorris/chucknorris'
2025-11-15T03:34:14.2604323Z [command]/usr/bin/git version
2025-11-15T03:34:14.2676185Z git version 2.51.2
2025-11-15T03:34:14.2702894Z ##[endgroup]
2025-11-15T03:34:14.2718972Z Temporarily overriding HOME='/home/runner/work/_temp/62e86bc7-aee4-402d-936c-f526b3260231' before making global git config changes
2025-11-15T03:34:14.2721670Z Adding repository directory to the temporary git global config as a safe directory
2025-11-15T03:34:14.2732959Z [command]/usr/bin/git config --global --add safe.directory /home/runner/work/chucknorris/chucknorris
2025-11-15T03:34:14.2769714Z Deleting the contents of '/home/runner/work/chucknorris/chucknorris'
2025-11-15T03:34:14.2773310Z ##[group]Initializing the repository
2025-11-15T03:34:14.2778494Z [command]/usr/bin/git init /home/runner/work/chucknorris/chucknorris
2025-11-15T03:34:14.2899806Z hint: Using 'master' as the name for the initial branch. This default branch name
2025-11-15T03:34:14.2901205Z hint: is subject to change. To configure the initial branch name to use in all
2025-11-15T03:34:14.2902625Z hint: of your new repositories, which will suppress this warning, call:
2025-11-15T03:34:14.2903895Z hint:
2025-11-15T03:34:14.2904436Z hint: 	git config --global init.defaultBranch <name>
2025-11-15T03:34:14.2905574Z hint:
2025-11-15T03:34:14.2906995Z hint: Names commonly chosen instead of 'master' are 'main', 'trunk' and
2025-11-15T03:34:14.2908860Z hint: 'development'. The just-created branch can be renamed via this command:
2025-11-15T03:34:14.2910376Z hint:
2025-11-15T03:34:14.2911175Z hint: 	git branch -m <name>
2025-11-15T03:34:14.2911990Z hint:
2025-11-15T03:34:14.2913138Z hint: Disable this message with "git config set advice.defaultBranchName false"
2025-11-15T03:34:14.2915241Z Initialized empty Git repository in /home/runner/work/chucknorris/chucknorris/.git/
2025-11-15T03:34:14.2918822Z [command]/usr/bin/git remote add origin https://github.com/justincranford/chucknorris
2025-11-15T03:34:14.2952051Z ##[endgroup]
2025-11-15T03:34:14.2953458Z ##[group]Disabling automatic garbage collection
2025-11-15T03:34:14.2956754Z [command]/usr/bin/git config --local gc.auto 0
2025-11-15T03:34:14.2984666Z ##[endgroup]
2025-11-15T03:34:14.2986249Z ##[group]Setting up auth
2025-11-15T03:34:14.2992314Z [command]/usr/bin/git config --local --name-only --get-regexp core\.sshCommand
2025-11-15T03:34:14.3022950Z [command]/usr/bin/git submodule foreach --recursive sh -c "git config --local --name-only --get-regexp 'core\.sshCommand' && git config --local --unset-all 'core.sshCommand' || :"
2025-11-15T03:34:14.3366001Z [command]/usr/bin/git config --local --name-only --get-regexp http\.https\:\/\/github\.com\/\.extraheader
2025-11-15T03:34:14.3396496Z [command]/usr/bin/git submodule foreach --recursive sh -c "git config --local --name-only --get-regexp 'http\.https\:\/\/github\.com\/\.extraheader' && git config --local --unset-all 'http.https://github.com/.extraheader' || :"
2025-11-15T03:34:14.3615573Z [command]/usr/bin/git config --local http.https://github.com/.extraheader AUTHORIZATION: basic ***
2025-11-15T03:34:14.3649171Z ##[endgroup]
2025-11-15T03:34:14.3650671Z ##[group]Fetching the repository
2025-11-15T03:34:14.3667382Z [command]/usr/bin/git -c protocol.version=2 fetch --no-tags --prune --no-recurse-submodules --depth=1 origin +17e578be6065db10f9aad8b98d6777a2d43dacd3:refs/remotes/origin/main
2025-11-15T03:34:14.5274130Z From https://github.com/justincranford/chucknorris
2025-11-15T03:34:14.5276088Z  * [new ref]         17e578be6065db10f9aad8b98d6777a2d43dacd3 -> origin/main
2025-11-15T03:34:14.5305339Z ##[endgroup]
2025-11-15T03:34:14.5306556Z ##[group]Determining the checkout info
2025-11-15T03:34:14.5307873Z ##[endgroup]
2025-11-15T03:34:14.5314089Z [command]/usr/bin/git sparse-checkout disable
2025-11-15T03:34:14.5378201Z [command]/usr/bin/git config --local --unset-all extensions.worktreeConfig
2025-11-15T03:34:14.5407820Z ##[group]Checking out the ref
2025-11-15T03:34:14.5411398Z [command]/usr/bin/git checkout --progress --force -B main refs/remotes/origin/main
2025-11-15T03:34:14.5482565Z Switched to a new branch 'main'
2025-11-15T03:34:14.5486246Z branch 'main' set up to track 'origin/main'.
2025-11-15T03:34:14.5493813Z ##[endgroup]
2025-11-15T03:34:14.5527296Z [command]/usr/bin/git log -1 --format=%H
2025-11-15T03:34:14.5549354Z 17e578be6065db10f9aad8b98d6777a2d43dacd3
2025-11-15T03:34:14.5846120Z ##[group]Run actions/setup-python@v5
2025-11-15T03:34:14.5847220Z with:
2025-11-15T03:34:14.5847934Z   python-version: 3.14
2025-11-15T03:34:14.5848805Z   check-latest: false
2025-11-15T03:34:14.5849913Z   token: ***
2025-11-15T03:34:14.5850684Z   update-environment: true
2025-11-15T03:34:14.5851630Z   allow-prereleases: false
2025-11-15T03:34:14.5852571Z   freethreaded: false
2025-11-15T03:34:14.5853446Z ##[endgroup]
2025-11-15T03:34:14.7550224Z ##[group]Installed versions
2025-11-15T03:34:14.8198244Z Successfully set up CPython (3.14.0)
2025-11-15T03:34:14.8200489Z ##[endgroup]
2025-11-15T03:34:14.8342019Z ##[group]Run python -m pip install --upgrade pip
2025-11-15T03:34:14.8343758Z [36;1mpython -m pip install --upgrade pip[0m
2025-11-15T03:34:14.8345092Z [36;1mpip install -r requirements.txt[0m
2025-11-15T03:34:14.8434078Z shell: /usr/bin/bash -e {0}
2025-11-15T03:34:14.8435117Z env:
2025-11-15T03:34:14.8436377Z   pythonLocation: /opt/hostedtoolcache/Python/3.14.0/x64
2025-11-15T03:34:14.8438145Z   PKG_CONFIG_PATH: /opt/hostedtoolcache/Python/3.14.0/x64/lib/pkgconfig
2025-11-15T03:34:14.8439869Z   Python_ROOT_DIR: /opt/hostedtoolcache/Python/3.14.0/x64
2025-11-15T03:34:14.8441412Z   Python2_ROOT_DIR: /opt/hostedtoolcache/Python/3.14.0/x64
2025-11-15T03:34:14.8442956Z   Python3_ROOT_DIR: /opt/hostedtoolcache/Python/3.14.0/x64
2025-11-15T03:34:14.8444502Z   LD_LIBRARY_PATH: /opt/hostedtoolcache/Python/3.14.0/x64/lib
2025-11-15T03:34:14.8446063Z ##[endgroup]
2025-11-15T03:34:17.5542542Z Requirement already satisfied: pip in /opt/hostedtoolcache/Python/3.14.0/x64/lib/python3.14/site-packages (25.3)
2025-11-15T03:34:18.7373662Z Collecting requests>=2.32.3 (from -r requirements.txt (line 1))
2025-11-15T03:34:18.8035949Z   Downloading requests-2.32.5-py3-none-any.whl.metadata (4.9 kB)
2025-11-15T03:34:18.8294152Z Collecting beautifulsoup4>=4.12.3 (from -r requirements.txt (line 2))
2025-11-15T03:34:18.8367974Z   Downloading beautifulsoup4-4.14.2-py3-none-any.whl.metadata (3.8 kB)
2025-11-15T03:34:19.0569458Z Collecting lxml>=5.3.0 (from -r requirements.txt (line 3))
2025-11-15T03:34:19.0648275Z   Downloading lxml-6.0.2-cp314-cp314-manylinux_2_26_x86_64.manylinux_2_28_x86_64.whl.metadata (3.6 kB)
2025-11-15T03:34:19.1145135Z Collecting pytest>=8.3.3 (from -r requirements.txt (line 4))
2025-11-15T03:34:19.1219260Z   Downloading pytest-9.0.1-py3-none-any.whl.metadata (7.6 kB)
2025-11-15T03:34:19.1450231Z Collecting pytest-cov>=5.0.0 (from -r requirements.txt (line 5))
2025-11-15T03:34:19.1523765Z   Downloading pytest_cov-7.0.0-py3-none-any.whl.metadata (31 kB)
2025-11-15T03:34:19.1835161Z Collecting pytest-mock>=3.14.0 (from -r requirements.txt (line 6))
2025-11-15T03:34:19.1913173Z   Downloading pytest_mock-3.15.1-py3-none-any.whl.metadata (3.9 kB)
2025-11-15T03:34:19.2469043Z Collecting black>=24.10.0 (from -r requirements.txt (line 7))
2025-11-15T03:34:19.2561934Z   Downloading black-25.11.0-cp314-cp314-manylinux2014_x86_64.manylinux_2_17_x86_64.manylinux_2_28_x86_64.whl.metadata (85 kB)
2025-11-15T03:34:19.2962120Z Collecting flake8>=7.1.0 (from -r requirements.txt (line 8))
2025-11-15T03:34:19.3033566Z   Downloading flake8-7.3.0-py2.py3-none-any.whl.metadata (3.8 kB)
2025-11-15T03:34:19.3401614Z Collecting isort>=5.13.2 (from -r requirements.txt (line 9))
2025-11-15T03:34:19.3475195Z   Downloading isort-7.0.0-py3-none-any.whl.metadata (11 kB)
2025-11-15T03:34:19.4608518Z Collecting mypy>=1.11.2 (from -r requirements.txt (line 10))
2025-11-15T03:34:19.4691419Z   Downloading mypy-1.18.2-cp314-cp314-manylinux2014_x86_64.manylinux_2_17_x86_64.manylinux_2_28_x86_64.whl.metadata (2.2 kB)
2025-11-15T03:34:19.5160244Z Collecting pre-commit>=4.0.1 (from -r requirements.txt (line 11))
2025-11-15T03:34:19.5239723Z   Downloading pre_commit-4.4.0-py2.py3-none-any.whl.metadata (1.2 kB)
2025-11-15T03:34:19.5594485Z Collecting types-requests>=2.32.0 (from -r requirements.txt (line 12))
2025-11-15T03:34:19.5671096Z   Downloading types_requests-2.32.4.20250913-py3-none-any.whl.metadata (2.0 kB)
2025-11-15T03:34:19.6637984Z Collecting charset_normalizer<4,>=2 (from requests>=2.32.3->-r requirements.txt (line 1))
2025-11-15T03:34:19.6714985Z   Downloading charset_normalizer-3.4.4-cp314-cp314-manylinux2014_x86_64.manylinux_2_17_x86_64.manylinux_2_28_x86_64.whl.metadata (37 kB)
2025-11-15T03:34:19.6941916Z Collecting idna<4,>=2.5 (from requests>=2.32.3->-r requirements.txt (line 1))
2025-11-15T03:34:19.7014278Z   Downloading idna-3.11-py3-none-any.whl.metadata (8.4 kB)
2025-11-15T03:34:19.7369441Z Collecting urllib3<3,>=1.21.1 (from requests>=2.32.3->-r requirements.txt (line 1))
2025-11-15T03:34:19.7440571Z   Downloading urllib3-2.5.0-py3-none-any.whl.metadata (6.5 kB)
2025-11-15T03:34:19.7715144Z Collecting certifi>=2017.4.17 (from requests>=2.32.3->-r requirements.txt (line 1))
2025-11-15T03:34:19.7790706Z   Downloading certifi-2025.11.12-py3-none-any.whl.metadata (2.5 kB)
2025-11-15T03:34:19.8055030Z Collecting soupsieve>1.2 (from beautifulsoup4>=4.12.3->-r requirements.txt (line 2))
2025-11-15T03:34:19.8129049Z   Downloading soupsieve-2.8-py3-none-any.whl.metadata (4.6 kB)
2025-11-15T03:34:19.8355486Z Collecting typing-extensions>=4.0.0 (from beautifulsoup4>=4.12.3->-r requirements.txt (line 2))
2025-11-15T03:34:19.8431205Z   Downloading typing_extensions-4.15.0-py3-none-any.whl.metadata (3.3 kB)
2025-11-15T03:34:19.8592219Z Collecting iniconfig>=1.0.1 (from pytest>=8.3.3->-r requirements.txt (line 4))
2025-11-15T03:34:19.8662919Z   Downloading iniconfig-2.3.0-py3-none-any.whl.metadata (2.5 kB)
2025-11-15T03:34:19.8871644Z Collecting packaging>=22 (from pytest>=8.3.3->-r requirements.txt (line 4))
2025-11-15T03:34:19.8942776Z   Downloading packaging-25.0-py3-none-any.whl.metadata (3.3 kB)
2025-11-15T03:34:19.9114250Z Collecting pluggy<2,>=1.5 (from pytest>=8.3.3->-r requirements.txt (line 4))
2025-11-15T03:34:19.9186404Z   Downloading pluggy-1.6.0-py3-none-any.whl.metadata (4.8 kB)
2025-11-15T03:34:19.9439037Z Collecting pygments>=2.7.2 (from pytest>=8.3.3->-r requirements.txt (line 4))
2025-11-15T03:34:19.9519459Z   Downloading pygments-2.19.2-py3-none-any.whl.metadata (2.5 kB)
2025-11-15T03:34:20.3360800Z Collecting coverage>=7.10.6 (from coverage[toml]>=7.10.6->pytest-cov>=5.0.0->-r requirements.txt (line 5))
2025-11-15T03:34:20.3444077Z   Downloading coverage-7.11.3-cp314-cp314-manylinux1_x86_64.manylinux_2_28_x86_64.manylinux_2_5_x86_64.whl.metadata (9.1 kB)
2025-11-15T03:34:20.3898828Z Collecting click>=8.0.0 (from black>=24.10.0->-r requirements.txt (line 7))
2025-11-15T03:34:20.4008383Z   Downloading click-8.3.0-py3-none-any.whl.metadata (2.6 kB)
2025-11-15T03:34:20.4165497Z Collecting mypy-extensions>=0.4.3 (from black>=24.10.0->-r requirements.txt (line 7))
2025-11-15T03:34:20.4236096Z   Downloading mypy_extensions-1.1.0-py3-none-any.whl.metadata (1.1 kB)
2025-11-15T03:34:20.4416367Z Collecting pathspec>=0.9.0 (from black>=24.10.0->-r requirements.txt (line 7))
2025-11-15T03:34:20.4487409Z   Downloading pathspec-0.12.1-py3-none-any.whl.metadata (21 kB)
2025-11-15T03:34:20.4752531Z Collecting platformdirs>=2 (from black>=24.10.0->-r requirements.txt (line 7))
2025-11-15T03:34:20.4824030Z   Downloading platformdirs-4.5.0-py3-none-any.whl.metadata (12 kB)
2025-11-15T03:34:20.5001675Z Collecting pytokens>=0.3.0 (from black>=24.10.0->-r requirements.txt (line 7))
2025-11-15T03:34:20.5072835Z   Downloading pytokens-0.3.0-py3-none-any.whl.metadata (2.0 kB)
2025-11-15T03:34:20.5239425Z Collecting mccabe<0.8.0,>=0.7.0 (from flake8>=7.1.0->-r requirements.txt (line 8))
2025-11-15T03:34:20.5310207Z   Downloading mccabe-0.7.0-py2.py3-none-any.whl.metadata (5.0 kB)
2025-11-15T03:34:20.5486312Z Collecting pycodestyle<2.15.0,>=2.14.0 (from flake8>=7.1.0->-r requirements.txt (line 8))
2025-11-15T03:34:20.5556300Z   Downloading pycodestyle-2.14.0-py2.py3-none-any.whl.metadata (4.5 kB)
2025-11-15T03:34:20.5772011Z Collecting pyflakes<3.5.0,>=3.4.0 (from flake8>=7.1.0->-r requirements.txt (line 8))
2025-11-15T03:34:20.5846531Z   Downloading pyflakes-3.4.0-py2.py3-none-any.whl.metadata (3.5 kB)
2025-11-15T03:34:20.6112228Z Collecting cfgv>=2.0.0 (from pre-commit>=4.0.1->-r requirements.txt (line 11))
2025-11-15T03:34:20.6185705Z   Downloading cfgv-3.4.0-py2.py3-none-any.whl.metadata (8.5 kB)
2025-11-15T03:34:20.6698971Z Collecting identify>=1.0.0 (from pre-commit>=4.0.1->-r requirements.txt (line 11))
2025-11-15T03:34:20.6788097Z   Downloading identify-2.6.15-py2.py3-none-any.whl.metadata (4.4 kB)
2025-11-15T03:34:20.6992727Z Collecting nodeenv>=0.11.1 (from pre-commit>=4.0.1->-r requirements.txt (line 11))
2025-11-15T03:34:20.7071346Z   Downloading nodeenv-1.9.1-py2.py3-none-any.whl.metadata (21 kB)
2025-11-15T03:34:20.7517986Z Collecting pyyaml>=5.1 (from pre-commit>=4.0.1->-r requirements.txt (line 11))
2025-11-15T03:34:20.7593661Z   Downloading pyyaml-6.0.3-cp314-cp314-manylinux2014_x86_64.manylinux_2_17_x86_64.manylinux_2_28_x86_64.whl.metadata (2.4 kB)
2025-11-15T03:34:20.8103268Z Collecting virtualenv>=20.10.0 (from pre-commit>=4.0.1->-r requirements.txt (line 11))
2025-11-15T03:34:20.8179966Z   Downloading virtualenv-20.35.4-py3-none-any.whl.metadata (4.6 kB)
2025-11-15T03:34:20.8646686Z Collecting distlib<1,>=0.3.7 (from virtualenv>=20.10.0->pre-commit>=4.0.1->-r requirements.txt (line 11))
2025-11-15T03:34:20.8718985Z   Downloading distlib-0.4.0-py2.py3-none-any.whl.metadata (5.2 kB)
2025-11-15T03:34:20.8974723Z Collecting filelock<4,>=3.12.2 (from virtualenv>=20.10.0->pre-commit>=4.0.1->-r requirements.txt (line 11))
2025-11-15T03:34:20.9045693Z   Downloading filelock-3.20.0-py3-none-any.whl.metadata (2.1 kB)
2025-11-15T03:34:20.9243091Z Downloading requests-2.32.5-py3-none-any.whl (64 kB)
2025-11-15T03:34:20.9355505Z Downloading charset_normalizer-3.4.4-cp314-cp314-manylinux2014_x86_64.manylinux_2_17_x86_64.manylinux_2_28_x86_64.whl (152 kB)
2025-11-15T03:34:20.9471461Z Downloading idna-3.11-py3-none-any.whl (71 kB)
2025-11-15T03:34:20.9573311Z Downloading urllib3-2.5.0-py3-none-any.whl (129 kB)
2025-11-15T03:34:20.9678219Z Downloading beautifulsoup4-4.14.2-py3-none-any.whl (106 kB)
2025-11-15T03:34:20.9820332Z Downloading lxml-6.0.2-cp314-cp314-manylinux_2_26_x86_64.manylinux_2_28_x86_64.whl (5.3 MB)
2025-11-15T03:34:21.0249565Z    â”â”â”â”â”â”â”â”â”â”â”â”â”â”â”â”â”â”â”â”â”â”â”â”â”â”â”â”â”â”â”â”â”â”â”â”â”â”â”â” 5.3/5.3 MB 126.3 MB/s  0:00:00
2025-11-15T03:34:21.0323980Z Downloading pytest-9.0.1-py3-none-any.whl (373 kB)
2025-11-15T03:34:21.0448405Z Downloading pluggy-1.6.0-py3-none-any.whl (20 kB)
2025-11-15T03:34:21.0553984Z Downloading pytest_cov-7.0.0-py3-none-any.whl (22 kB)
2025-11-15T03:34:21.0654907Z Downloading pytest_mock-3.15.1-py3-none-any.whl (10 kB)
2025-11-15T03:34:21.0788123Z Downloading black-25.11.0-cp314-cp314-manylinux2014_x86_64.manylinux_2_17_x86_64.manylinux_2_28_x86_64.whl (1.7 MB)
2025-11-15T03:34:21.0940532Z    â”â”â”â”â”â”â”â”â”â”â”â”â”â”â”â”â”â”â”â”â”â”â”â”â”â”â”â”â”â”â”â”â”â”â”â”â”â”â”â” 1.7/1.7 MB 111.5 MB/s  0:00:00
2025-11-15T03:34:21.1013512Z Downloading flake8-7.3.0-py2.py3-none-any.whl (57 kB)
2025-11-15T03:34:21.1111917Z Downloading mccabe-0.7.0-py2.py3-none-any.whl (7.3 kB)
2025-11-15T03:34:21.1202088Z Downloading pycodestyle-2.14.0-py2.py3-none-any.whl (31 kB)
2025-11-15T03:34:21.1296307Z Downloading pyflakes-3.4.0-py2.py3-none-any.whl (63 kB)
2025-11-15T03:34:21.1389674Z Downloading isort-7.0.0-py3-none-any.whl (94 kB)
2025-11-15T03:34:21.1516396Z Downloading mypy-1.18.2-cp314-cp314-manylinux2014_x86_64.manylinux_2_17_x86_64.manylinux_2_28_x86_64.whl (13.3 MB)
2025-11-15T03:34:21.2508121Z    â”â”â”â”â”â”â”â”â”â”â”â”â”â”â”â”â”â”â”â”â”â”â”â”â”â”â”â”â”â”â”â”â”â”â”â”â”â”â”â” 13.3/13.3 MB 134.9 MB/s  0:00:00
2025-11-15T03:34:21.2579504Z Downloading pre_commit-4.4.0-py2.py3-none-any.whl (226 kB)
2025-11-15T03:34:21.2681911Z Downloading types_requests-2.32.4.20250913-py3-none-any.whl (20 kB)
2025-11-15T03:34:21.2786178Z Downloading certifi-2025.11.12-py3-none-any.whl (159 kB)
2025-11-15T03:34:21.2890340Z Downloading cfgv-3.4.0-py2.py3-none-any.whl (7.2 kB)
2025-11-15T03:34:21.2981667Z Downloading click-8.3.0-py3-none-any.whl (107 kB)
2025-11-15T03:34:21.3081737Z Downloading coverage-7.11.3-cp314-cp314-manylinux1_x86_64.manylinux_2_28_x86_64.manylinux_2_5_x86_64.whl (250 kB)
2025-11-15T03:34:21.3183168Z Downloading identify-2.6.15-py2.py3-none-any.whl (99 kB)
2025-11-15T03:34:21.3281014Z Downloading iniconfig-2.3.0-py3-none-any.whl (7.5 kB)
2025-11-15T03:34:21.3375466Z Downloading mypy_extensions-1.1.0-py3-none-any.whl (5.0 kB)
2025-11-15T03:34:21.3471012Z Downloading nodeenv-1.9.1-py2.py3-none-any.whl (22 kB)
2025-11-15T03:34:21.3585670Z Downloading packaging-25.0-py3-none-any.whl (66 kB)
2025-11-15T03:34:21.3682075Z Downloading pathspec-0.12.1-py3-none-any.whl (31 kB)
2025-11-15T03:34:21.3777593Z Downloading platformdirs-4.5.0-py3-none-any.whl (18 kB)
2025-11-15T03:34:21.3870150Z Downloading pygments-2.19.2-py3-none-any.whl (1.2 MB)
2025-11-15T03:34:21.3963112Z    â”â”â”â”â”â”â”â”â”â”â”â”â”â”â”â”â”â”â”â”â”â”â”â”â”â”â”â”â”â”â”â”â”â”â”â”â”â”â”â” 1.2/1.2 MB 145.5 MB/s  0:00:00
2025-11-15T03:34:21.4035482Z Downloading pytokens-0.3.0-py3-none-any.whl (12 kB)
2025-11-15T03:34:21.4131634Z Downloading pyyaml-6.0.3-cp314-cp314-manylinux2014_x86_64.manylinux_2_17_x86_64.manylinux_2_28_x86_64.whl (794 kB)
2025-11-15T03:34:21.4207000Z    â”â”â”â”â”â”â”â”â”â”â”â”â”â”â”â”â”â”â”â”â”â”â”â”â”â”â”â”â”â”â”â”â”â”â”â”â”â”â”â” 794.2/794.2 kB 113.1 MB/s  0:00:00
2025-11-15T03:34:21.4279931Z Downloading soupsieve-2.8-py3-none-any.whl (36 kB)
2025-11-15T03:34:21.4376317Z Downloading typing_extensions-4.15.0-py3-none-any.whl (44 kB)
2025-11-15T03:34:21.4474842Z Downloading virtualenv-20.35.4-py3-none-any.whl (6.0 MB)
2025-11-15T03:34:21.4779854Z    â”â”â”â”â”â”â”â”â”â”â”â”â”â”â”â”â”â”â”â”â”â”â”â”â”â”â”â”â”â”â”â”â”â”â”â”â”â”â”â” 6.0/6.0 MB 203.3 MB/s  0:00:00
2025-11-15T03:34:21.4852037Z Downloading distlib-0.4.0-py2.py3-none-any.whl (469 kB)
2025-11-15T03:34:21.4963457Z Downloading filelock-3.20.0-py3-none-any.whl (16 kB)
2025-11-15T03:34:21.6274864Z Installing collected packages: distlib, urllib3, typing-extensions, soupsieve, pyyaml, pytokens, pygments, pyflakes, pycodestyle, pluggy, platformdirs, pathspec, packaging, nodeenv, mypy-extensions, mccabe, lxml, isort, iniconfig, idna, identify, filelock, coverage, click, charset_normalizer, cfgv, certifi, virtualenv, types-requests, requests, pytest, mypy, flake8, black, beautifulsoup4, pytest-mock, pytest-cov, pre-commit
2025-11-15T03:34:26.2985912Z
2025-11-15T03:34:26.3030302Z Successfully installed beautifulsoup4-4.14.2 black-25.11.0 certifi-2025.11.12 cfgv-3.4.0 charset_normalizer-3.4.4 click-8.3.0 coverage-7.11.3 distlib-0.4.0 filelock-3.20.0 flake8-7.3.0 identify-2.6.15 idna-3.11 iniconfig-2.3.0 isort-7.0.0 lxml-6.0.2 mccabe-0.7.0 mypy-1.18.2 mypy-extensions-1.1.0 nodeenv-1.9.1 packaging-25.0 pathspec-0.12.1 platformdirs-4.5.0 pluggy-1.6.0 pre-commit-4.4.0 pycodestyle-2.14.0 pyflakes-3.4.0 pygments-2.19.2 pytest-9.0.1 pytest-cov-7.0.0 pytest-mock-3.15.1 pytokens-0.3.0 pyyaml-6.0.3 requests-2.32.5 soupsieve-2.8 types-requests-2.32.4.20250913 typing-extensions-4.15.0 urllib3-2.5.0 virtualenv-20.35.4
2025-11-15T03:34:26.4914246Z ##[group]Run flake8 download quotes --max-line-length=88 --extend-ignore=E203,W503
2025-11-15T03:34:26.4914824Z [36;1mflake8 download quotes --max-line-length=88 --extend-ignore=E203,W503[0m
2025-11-15T03:34:26.4947731Z shell: /usr/bin/bash -e {0}
2025-11-15T03:34:26.4947947Z env:
2025-11-15T03:34:26.4948180Z   pythonLocation: /opt/hostedtoolcache/Python/3.14.0/x64
2025-11-15T03:34:26.4948570Z   PKG_CONFIG_PATH: /opt/hostedtoolcache/Python/3.14.0/x64/lib/pkgconfig
2025-11-15T03:34:26.4948931Z   Python_ROOT_DIR: /opt/hostedtoolcache/Python/3.14.0/x64
2025-11-15T03:34:26.4949257Z   Python2_ROOT_DIR: /opt/hostedtoolcache/Python/3.14.0/x64
2025-11-15T03:34:26.4949586Z   Python3_ROOT_DIR: /opt/hostedtoolcache/Python/3.14.0/x64
2025-11-15T03:34:26.4949919Z   LD_LIBRARY_PATH: /opt/hostedtoolcache/Python/3.14.0/x64/lib
2025-11-15T03:34:26.4950194Z ##[endgroup]
2025-11-15T03:34:28.0139038Z download/scraper.py:15:1: F401 'typing.Any' imported but unused
2025-11-15T03:34:28.0139694Z download/scraper.py:30:89: E501 line too long (109 > 88 characters)
2025-11-15T03:34:28.0140112Z download/scraper.py:31:89: E501 line too long (102 > 88 characters)
2025-11-15T03:34:28.0140586Z download/scraper.py:224:21: E129 visually indented line with same indent as next logical line
2025-11-15T03:34:28.0141108Z download/scraper.py:272:21: E129 visually indented line with same indent as next logical line
2025-11-15T03:34:28.0141564Z download/scraper.py:283:89: E501 line too long (95 > 88 characters)
2025-11-15T03:34:28.0142003Z download/scraper.py:312:21: E129 visually indented line with same indent as next logical line
2025-11-15T03:34:28.0142509Z download/scraper.py:351:21: E129 visually indented line with same indent as next logical line
2025-11-15T03:34:28.0142952Z download/scraper.py:362:89: E501 line too long (98 > 88 characters)
2025-11-15T03:34:28.0143337Z download/scraper.py:433:89: E501 line too long (89 > 88 characters)
2025-11-15T03:34:28.0143718Z quotes/generator.py:175:89: E501 line too long (94 > 88 characters)
2025-11-15T03:34:28.0144359Z quotes/generator.py:191:89: E501 line too long (94 > 88 characters)
2025-11-15T03:34:28.0144728Z quotes/generator.py:218:89: E501 line too long (93 > 88 characters)
2025-11-15T03:34:28.0145082Z quotes/generator.py:321:89: E501 line too long (92 > 88 characters)
2025-11-15T03:34:28.0534730Z ##[error]Process completed with exit code 1.
2025-11-15T03:34:28.0656197Z Post job cleanup.
2025-11-15T03:34:28.1692613Z [command]/usr/bin/git version
2025-11-15T03:34:28.1728039Z git version 2.51.2
2025-11-15T03:34:28.1769672Z Temporarily overriding HOME='/home/runner/work/_temp/15dd47f0-c4ce-4b67-8353-7784b08578db' before making global git config changes
2025-11-15T03:34:28.1771100Z Adding repository directory to the temporary git global config as a safe directory
2025-11-15T03:34:28.1775081Z [command]/usr/bin/git config --global --add safe.directory /home/runner/work/chucknorris/chucknorris
2025-11-15T03:34:28.1810032Z [command]/usr/bin/git config --local --name-only --get-regexp core\.sshCommand
2025-11-15T03:34:28.1842933Z [command]/usr/bin/git submodule foreach --recursive sh -c "git config --local --name-only --get-regexp 'core\.sshCommand' && git config --local --unset-all 'core.sshCommand' || :"
2025-11-15T03:34:28.2069203Z [command]/usr/bin/git config --local --name-only --get-regexp http\.https\:\/\/github\.com\/\.extraheader
2025-11-15T03:34:28.2090003Z http.https://github.com/.extraheader
2025-11-15T03:34:28.2102068Z [command]/usr/bin/git config --local --unset-all http.https://github.com/.extraheader
2025-11-15T03:34:28.2132166Z [command]/usr/bin/git submodule foreach --recursive sh -c "git config --local --name-only --get-regexp 'http\.https\:\/\/github\.com\/\.extraheader' && git config --local --unset-all 'http.https://github.com/.extraheader' || :"
2025-11-15T03:34:28.2448458Z Cleaning up orphan processes
